MSBuild version 17.14.51+25f168cee for .NET Framework

  1>Checking Build System
  extern_cuew.vcxproj -> E:\WORK\PERSONNAL STUFF\HOUDINI\hdCycles\external\cycles\build\lib\Release\extern_cuew.lib
  extern_hipew.vcxproj -> E:\WORK\PERSONNAL STUFF\HOUDINI\hdCycles\external\cycles\build\lib\Release\extern_hipew.lib
  extern_sky.vcxproj -> E:\WORK\PERSONNAL STUFF\HOUDINI\hdCycles\external\cycles\build\lib\Release\extern_sky.lib
  zstd_compress.vcxproj -> E:\WORK\PERSONNAL STUFF\HOUDINI\hdCycles\external\cycles\build\bin\Release\zstd_compress.exe
  cycles_util.vcxproj -> E:\WORK\PERSONNAL STUFF\HOUDINI\hdCycles\external\cycles\build\lib\Release\cycles_util.lib
  cycles_kernel_cpu.vcxproj -> E:\WORK\PERSONNAL STUFF\HOUDINI\hdCycles\external\cycles\build\lib\Release\cycles_kernel_cpu.lib
  cycles_graph.vcxproj -> E:\WORK\PERSONNAL STUFF\HOUDINI\hdCycles\external\cycles\build\lib\Release\cycles_graph.lib
  cycles_device.vcxproj -> E:\WORK\PERSONNAL STUFF\HOUDINI\hdCycles\external\cycles\build\lib\Release\cycles_device.lib
  cycles_session.vcxproj -> E:\WORK\PERSONNAL STUFF\HOUDINI\hdCycles\external\cycles\build\lib\Release\cycles_session.lib
  cycles_integrator.vcxproj -> E:\WORK\PERSONNAL STUFF\HOUDINI\hdCycles\external\cycles\build\lib\Release\cycles_integrator.lib
  cycles_subd.vcxproj -> E:\WORK\PERSONNAL STUFF\HOUDINI\hdCycles\external\cycles\build\lib\Release\cycles_subd.lib
  cycles_scene.vcxproj -> E:\WORK\PERSONNAL STUFF\HOUDINI\hdCycles\external\cycles\build\lib\Release\cycles_scene.lib
  cycles_bvh.vcxproj -> E:\WORK\PERSONNAL STUFF\HOUDINI\hdCycles\external\cycles\build\lib\Release\cycles_bvh.lib
  cycles_hydra.vcxproj -> E:\WORK\PERSONNAL STUFF\HOUDINI\hdCycles\external\cycles\build\lib\Release\cycles_hydra.lib
  hdCycles.vcxproj -> E:\WORK\PERSONNAL STUFF\HOUDINI\hdCycles\external\cycles\build\src\hydra\Release\hdCycles.dll
  cycles.vcxproj -> E:\WORK\PERSONNAL STUFF\HOUDINI\hdCycles\external\cycles\build\bin\Release\cycles.exe
  Building Custom Rule E:/WORK/PERSONNAL STUFF/HOUDINI/hdCycles/external/cycles/CMakeLists.txt
  1>
  -- Install configuration: "Release"
  -- Installing: E:/WORK/PERSONNAL STUFF/HOUDINI/hdCycles/install/houdini/bin/msvcp140.dll
  -- Installing: E:/WORK/PERSONNAL STUFF/HOUDINI/hdCycles/install/houdini/bin/msvcp140_1.dll
  -- Installing: E:/WORK/PERSONNAL STUFF/HOUDINI/hdCycles/install/houdini/bin/msvcp140_2.dll
  -- Installing: E:/WORK/PERSONNAL STUFF/HOUDINI/hdCycles/install/houdini/bin/msvcp140_atomic_wait.dll
  -- Installing: E:/WORK/PERSONNAL STUFF/HOUDINI/hdCycles/install/houdini/bin/msvcp140_codecvt_ids.dll
  -- Installing: E:/WORK/PERSONNAL STUFF/HOUDINI/hdCycles/install/houdini/bin/vcruntime140_1.dll
  -- Installing: E:/WORK/PERSONNAL STUFF/HOUDINI/hdCycles/install/houdini/bin/vcruntime140.dll
  -- Installing: E:/WORK/PERSONNAL STUFF/HOUDINI/hdCycles/install/houdini/bin/concrt140.dll
  -- Installing: E:/WORK/PERSONNAL STUFF/HOUDINI/hdCycles/install/houdini/bin/api-ms-win-core-console-l1-1-0.dll
  -- Installing: E:/WORK/PERSONNAL STUFF/HOUDINI/hdCycles/install/houdini/bin/api-ms-win-core-console-l1-2-0.dll
  -- Installing: E:/WORK/PERSONNAL STUFF/HOUDINI/hdCycles/install/houdini/bin/api-ms-win-core-datetime-l1-1-0.dll
  -- Installing: E:/WORK/PERSONNAL STUFF/HOUDINI/hdCycles/install/houdini/bin/api-ms-win-core-debug-l1-1-0.dll
  -- Installing: E:/WORK/PERSONNAL STUFF/HOUDINI/hdCycles/install/houdini/bin/api-ms-win-core-errorhandling-l1-1-0.dll
  -- Installing: E:/WORK/PERSONNAL STUFF/HOUDINI/hdCycles/install/houdini/bin/api-ms-win-core-fibers-l1-1-0.dll
  -- Installing: E:/WORK/PERSONNAL STUFF/HOUDINI/hdCycles/install/houdini/bin/api-ms-win-core-file-l1-1-0.dll
  -- Installing: E:/WORK/PERSONNAL STUFF/HOUDINI/hdCycles/install/houdini/bin/api-ms-win-core-file-l1-2-0.dll
  -- Installing: E:/WORK/PERSONNAL STUFF/HOUDINI/hdCycles/install/houdini/bin/api-ms-win-core-file-l2-1-0.dll
  -- Installing: E:/WORK/PERSONNAL STUFF/HOUDINI/hdCycles/install/houdini/bin/api-ms-win-core-handle-l1-1-0.dll
  -- Installing: E:/WORK/PERSONNAL STUFF/HOUDINI/hdCycles/install/houdini/bin/api-ms-win-core-heap-l1-1-0.dll
  -- Installing: E:/WORK/PERSONNAL STUFF/HOUDINI/hdCycles/install/houdini/bin/api-ms-win-core-interlocked-l1-1-0.dll
  -- Installing: E:/WORK/PERSONNAL STUFF/HOUDINI/hdCycles/install/houdini/bin/api-ms-win-core-libraryloader-l1-1-0.dll
  -- Installing: E:/WORK/PERSONNAL STUFF/HOUDINI/hdCycles/install/houdini/bin/api-ms-win-core-localization-l1-2-0.dll
  -- Installing: E:/WORK/PERSONNAL STUFF/HOUDINI/hdCycles/install/houdini/bin/api-ms-win-core-memory-l1-1-0.dll
  -- Installing: E:/WORK/PERSONNAL STUFF/HOUDINI/hdCycles/install/houdini/bin/api-ms-win-core-namedpipe-l1-1-0.dll
  -- Installing: E:/WORK/PERSONNAL STUFF/HOUDINI/hdCycles/install/houdini/bin/api-ms-win-core-processenvironment-l1-1-0.dll
  -- Installing: E:/WORK/PERSONNAL STUFF/HOUDINI/hdCycles/install/houdini/bin/api-ms-win-core-processthreads-l1-1-0.dll
  -- Installing: E:/WORK/PERSONNAL STUFF/HOUDINI/hdCycles/install/houdini/bin/api-ms-win-core-processthreads-l1-1-1.dll
  -- Installing: E:/WORK/PERSONNAL STUFF/HOUDINI/hdCycles/install/houdini/bin/api-ms-win-core-profile-l1-1-0.dll
  -- Installing: E:/WORK/PERSONNAL STUFF/HOUDINI/hdCycles/install/houdini/bin/api-ms-win-core-rtlsupport-l1-1-0.dll
  -- Installing: E:/WORK/PERSONNAL STUFF/HOUDINI/hdCycles/install/houdini/bin/api-ms-win-core-string-l1-1-0.dll
  -- Installing: E:/WORK/PERSONNAL STUFF/HOUDINI/hdCycles/install/houdini/bin/api-ms-win-core-synch-l1-1-0.dll
  -- Installing: E:/WORK/PERSONNAL STUFF/HOUDINI/hdCycles/install/houdini/bin/api-ms-win-core-synch-l1-2-0.dll
  -- Installing: E:/WORK/PERSONNAL STUFF/HOUDINI/hdCycles/install/houdini/bin/api-ms-win-core-sysinfo-l1-1-0.dll
  -- Installing: E:/WORK/PERSONNAL STUFF/HOUDINI/hdCycles/install/houdini/bin/api-ms-win-core-timezone-l1-1-0.dll
  -- Installing: E:/WORK/PERSONNAL STUFF/HOUDINI/hdCycles/install/houdini/bin/api-ms-win-core-util-l1-1-0.dll
  -- Installing: E:/WORK/PERSONNAL STUFF/HOUDINI/hdCycles/install/houdini/bin/api-ms-win-crt-conio-l1-1-0.dll
  -- Installing: E:/WORK/PERSONNAL STUFF/HOUDINI/hdCycles/install/houdini/bin/api-ms-win-crt-convert-l1-1-0.dll
  -- Installing: E:/WORK/PERSONNAL STUFF/HOUDINI/hdCycles/install/houdini/bin/api-ms-win-crt-environment-l1-1-0.dll
  -- Installing: E:/WORK/PERSONNAL STUFF/HOUDINI/hdCycles/install/houdini/bin/api-ms-win-crt-filesystem-l1-1-0.dll
  -- Installing: E:/WORK/PERSONNAL STUFF/HOUDINI/hdCycles/install/houdini/bin/api-ms-win-crt-heap-l1-1-0.dll
  -- Installing: E:/WORK/PERSONNAL STUFF/HOUDINI/hdCycles/install/houdini/bin/api-ms-win-crt-locale-l1-1-0.dll
  -- Installing: E:/WORK/PERSONNAL STUFF/HOUDINI/hdCycles/install/houdini/bin/api-ms-win-crt-math-l1-1-0.dll
  -- Installing: E:/WORK/PERSONNAL STUFF/HOUDINI/hdCycles/install/houdini/bin/api-ms-win-crt-multibyte-l1-1-0.dll
  -- Installing: E:/WORK/PERSONNAL STUFF/HOUDINI/hdCycles/install/houdini/bin/api-ms-win-crt-private-l1-1-0.dll
  -- Installing: E:/WORK/PERSONNAL STUFF/HOUDINI/hdCycles/install/houdini/bin/api-ms-win-crt-process-l1-1-0.dll
  -- Installing: E:/WORK/PERSONNAL STUFF/HOUDINI/hdCycles/install/houdini/bin/api-ms-win-crt-runtime-l1-1-0.dll
  -- Installing: E:/WORK/PERSONNAL STUFF/HOUDINI/hdCycles/install/houdini/bin/api-ms-win-crt-stdio-l1-1-0.dll
  -- Installing: E:/WORK/PERSONNAL STUFF/HOUDINI/hdCycles/install/houdini/bin/api-ms-win-crt-string-l1-1-0.dll
  -- Installing: E:/WORK/PERSONNAL STUFF/HOUDINI/hdCycles/install/houdini/bin/api-ms-win-crt-time-l1-1-0.dll
  -- Installing: E:/WORK/PERSONNAL STUFF/HOUDINI/hdCycles/install/houdini/bin/api-ms-win-crt-utility-l1-1-0.dll
  -- Installing: E:/WORK/PERSONNAL STUFF/HOUDINI/hdCycles/install/houdini/bin/ucrtbase.dll
  -- Installing: E:/WORK/PERSONNAL STUFF/HOUDINI/hdCycles/install/license/Apache2-license.txt
  -- Installing: E:/WORK/PERSONNAL STUFF/HOUDINI/hdCycles/install/license/BSD-3-Clause-license.txt
  -- Installing: E:/WORK/PERSONNAL STUFF/HOUDINI/hdCycles/install/license/MIT-license.txt
  -- Installing: E:/WORK/PERSONNAL STUFF/HOUDINI/hdCycles/install/license/readme.txt
  -- Installing: E:/WORK/PERSONNAL STUFF/HOUDINI/hdCycles/install/license/SPDX-license-identifiers.txt
  -- Installing: E:/WORK/PERSONNAL STUFF/HOUDINI/hdCycles/install/license/Zlib-license.txt
  -- Installing: E:/WORK/PERSONNAL STUFF/HOUDINI/hdCycles/install/source/kernel/bake/bake.h
  -- Installing: E:/WORK/PERSONNAL STUFF/HOUDINI/hdCycles/install/source/kernel/bvh/bvh.h
  -- Installing: E:/WORK/PERSONNAL STUFF/HOUDINI/hdCycles/install/source/kernel/bvh/intersect_filter.h
  -- Installing: E:/WORK/PERSONNAL STUFF/HOUDINI/hdCycles/install/source/kernel/bvh/nodes.h
  -- Installing: E:/WORK/PERSONNAL STUFF/HOUDINI/hdCycles/install/source/kernel/bvh/shadow_all.h
  -- Installing: E:/WORK/PERSONNAL STUFF/HOUDINI/hdCycles/install/source/kernel/bvh/local.h
  -- Installing: E:/WORK/PERSONNAL STUFF/HOUDINI/hdCycles/install/source/kernel/bvh/traversal.h
  -- Installing: E:/WORK/PERSONNAL STUFF/HOUDINI/hdCycles/install/source/kernel/bvh/types.h
  -- Installing: E:/WORK/PERSONNAL STUFF/HOUDINI/hdCycles/install/source/kernel/bvh/util.h
  -- Installing: E:/WORK/PERSONNAL STUFF/HOUDINI/hdCycles/install/source/kernel/bvh/volume.h
  -- Installing: E:/WORK/PERSONNAL STUFF/HOUDINI/hdCycles/install/source/kernel/bvh/volume_all.h
  -- Installing: E:/WORK/PERSONNAL STUFF/HOUDINI/hdCycles/install/source/kernel/camera/camera.h
  -- Installing: E:/WORK/PERSONNAL STUFF/HOUDINI/hdCycles/install/source/kernel/camera/projection.h
  -- Installing: E:/WORK/PERSONNAL STUFF/HOUDINI/hdCycles/install/source/kernel/closure/alloc.h
  -- Installing: E:/WORK/PERSONNAL STUFF/HOUDINI/hdCycles/install/source/kernel/closure/bsdf.h
  -- Installing: E:/WORK/PERSONNAL STUFF/HOUDINI/hdCycles/install/source/kernel/closure/bsdf_ashikhmin_velvet.h
  -- Installing: E:/WORK/PERSONNAL STUFF/HOUDINI/hdCycles/install/source/kernel/closure/bsdf_burley.h
  -- Installing: E:/WORK/PERSONNAL STUFF/HOUDINI/hdCycles/install/source/kernel/closure/bsdf_diffuse.h
  -- Installing: E:/WORK/PERSONNAL STUFF/HOUDINI/hdCycles/install/source/kernel/closure/bsdf_diffuse_ramp.h
  -- Installing: E:/WORK/PERSONNAL STUFF/HOUDINI/hdCycles/install/source/kernel/closure/bsdf_microfacet.h
  -- Installing: E:/WORK/PERSONNAL STUFF/HOUDINI/hdCycles/install/source/kernel/closure/bsdf_oren_nayar.h
  -- Installing: E:/WORK/PERSONNAL STUFF/HOUDINI/hdCycles/install/source/kernel/closure/bsdf_phong_ramp.h
  -- Installing: E:/WORK/PERSONNAL STUFF/HOUDINI/hdCycles/install/source/kernel/closure/bsdf_ray_portal.h
  -- Installing: E:/WORK/PERSONNAL STUFF/HOUDINI/hdCycles/install/source/kernel/closure/bsdf_sheen.h
  -- Installing: E:/WORK/PERSONNAL STUFF/HOUDINI/hdCycles/install/source/kernel/closure/bsdf_toon.h
  -- Installing: E:/WORK/PERSONNAL STUFF/HOUDINI/hdCycles/install/source/kernel/closure/bsdf_transparent.h
  -- Installing: E:/WORK/PERSONNAL STUFF/HOUDINI/hdCycles/install/source/kernel/closure/bsdf_util.h
  -- Installing: E:/WORK/PERSONNAL STUFF/HOUDINI/hdCycles/install/source/kernel/closure/bsdf_ashikhmin_shirley.h
  -- Installing: E:/WORK/PERSONNAL STUFF/HOUDINI/hdCycles/install/source/kernel/closure/bsdf_hair.h
  -- Installing: E:/WORK/PERSONNAL STUFF/HOUDINI/hdCycles/install/source/kernel/closure/bssrdf.h
  -- Installing: E:/WORK/PERSONNAL STUFF/HOUDINI/hdCycles/install/source/kernel/closure/emissive.h
  -- Installing: E:/WORK/PERSONNAL STUFF/HOUDINI/hdCycles/install/source/kernel/closure/volume.h
  -- Installing: E:/WORK/PERSONNAL STUFF/HOUDINI/hdCycles/install/source/kernel/closure/volume_util.h
  -- Installing: E:/WORK/PERSONNAL STUFF/HOUDINI/hdCycles/install/source/kernel/closure/volume_henyey_greenstein.h
  -- Installing: E:/WORK/PERSONNAL STUFF/HOUDINI/hdCycles/install/source/kernel/closure/volume_rayleigh.h
  -- Installing: E:/WORK/PERSONNAL STUFF/HOUDINI/hdCycles/install/source/kernel/closure/volume_fournier_forand.h
  -- Installing: E:/WORK/PERSONNAL STUFF/HOUDINI/hdCycles/install/source/kernel/closure/volume_draine.h
  -- Installing: E:/WORK/PERSONNAL STUFF/HOUDINI/hdCycles/install/source/kernel/closure/bsdf_principled_hair_chiang.h
  -- Installing: E:/WORK/PERSONNAL STUFF/HOUDINI/hdCycles/install/source/kernel/closure/bsdf_principled_hair_huang.h
  -- Installing: E:/WORK/PERSONNAL STUFF/HOUDINI/hdCycles/install/source/kernel/device/gpu/block_sizes.h
  -- Installing: E:/WORK/PERSONNAL STUFF/HOUDINI/hdCycles/install/source/kernel/device/gpu/image.h
  -- Installing: E:/WORK/PERSONNAL STUFF/HOUDINI/hdCycles/install/source/kernel/device/gpu/kernel.h
  -- Installing: E:/WORK/PERSONNAL STUFF/HOUDINI/hdCycles/install/source/kernel/device/gpu/parallel_active_index.h
  -- Installing: E:/WORK/PERSONNAL STUFF/HOUDINI/hdCycles/install/source/kernel/device/gpu/parallel_prefix_sum.h
  -- Installing: E:/WORK/PERSONNAL STUFF/HOUDINI/hdCycles/install/source/kernel/device/gpu/parallel_sorted_index.h
  -- Installing: E:/WORK/PERSONNAL STUFF/HOUDINI/hdCycles/install/source/kernel/device/gpu/work_stealing.h
  -- Installing: E:/WORK/PERSONNAL STUFF/HOUDINI/hdCycles/install/source/kernel/film/adaptive_sampling.h
  -- Installing: E:/WORK/PERSONNAL STUFF/HOUDINI/hdCycles/install/source/kernel/film/aov_passes.h
  -- Installing: E:/WORK/PERSONNAL STUFF/HOUDINI/hdCycles/install/source/kernel/film/data_passes.h
  -- Installing: E:/WORK/PERSONNAL STUFF/HOUDINI/hdCycles/install/source/kernel/film/denoising_passes.h
  -- Installing: E:/WORK/PERSONNAL STUFF/HOUDINI/hdCycles/install/source/kernel/film/volume_guiding_denoise.h
  -- Installing: E:/WORK/PERSONNAL STUFF/HOUDINI/hdCycles/install/source/kernel/film/cryptomatte_passes.h
  -- Installing: E:/WORK/PERSONNAL STUFF/HOUDINI/hdCycles/install/source/kernel/film/light_passes.h
  -- Installing: E:/WORK/PERSONNAL STUFF/HOUDINI/hdCycles/install/source/kernel/film/read.h
  -- Installing: E:/WORK/PERSONNAL STUFF/HOUDINI/hdCycles/install/source/kernel/film/write.h
  -- Installing: E:/WORK/PERSONNAL STUFF/HOUDINI/hdCycles/install/source/kernel/geom/attribute.h
  -- Installing: E:/WORK/PERSONNAL STUFF/HOUDINI/hdCycles/install/source/kernel/geom/curve.h
  -- Installing: E:/WORK/PERSONNAL STUFF/HOUDINI/hdCycles/install/source/kernel/geom/curve_intersect.h
  -- Installing: E:/WORK/PERSONNAL STUFF/HOUDINI/hdCycles/install/source/kernel/geom/geom_intersect.h
  -- Installing: E:/WORK/PERSONNAL STUFF/HOUDINI/hdCycles/install/source/kernel/geom/motion_curve.h
  -- Installing: E:/WORK/PERSONNAL STUFF/HOUDINI/hdCycles/install/source/kernel/geom/motion_point.h
  -- Installing: E:/WORK/PERSONNAL STUFF/HOUDINI/hdCycles/install/source/kernel/geom/motion_triangle.h
  -- Installing: E:/WORK/PERSONNAL STUFF/HOUDINI/hdCycles/install/source/kernel/geom/motion_triangle_intersect.h
  -- Installing: E:/WORK/PERSONNAL STUFF/HOUDINI/hdCycles/install/source/kernel/geom/motion_triangle_shader.h
  -- Installing: E:/WORK/PERSONNAL STUFF/HOUDINI/hdCycles/install/source/kernel/geom/object.h
  -- Installing: E:/WORK/PERSONNAL STUFF/HOUDINI/hdCycles/install/source/kernel/geom/point.h
  -- Installing: E:/WORK/PERSONNAL STUFF/HOUDINI/hdCycles/install/source/kernel/geom/point_intersect.h
  -- Installing: E:/WORK/PERSONNAL STUFF/HOUDINI/hdCycles/install/source/kernel/geom/primitive.h
  -- Installing: E:/WORK/PERSONNAL STUFF/HOUDINI/hdCycles/install/source/kernel/geom/shader_data.h
  -- Installing: E:/WORK/PERSONNAL STUFF/HOUDINI/hdCycles/install/source/kernel/geom/triangle.h
  -- Installing: E:/WORK/PERSONNAL STUFF/HOUDINI/hdCycles/install/source/kernel/geom/triangle_intersect.h
  -- Installing: E:/WORK/PERSONNAL STUFF/HOUDINI/hdCycles/install/source/kernel/geom/volume.h
  -- Installing: E:/WORK/PERSONNAL STUFF/HOUDINI/hdCycles/install/source/kernel/integrator/displacement_shader.h
  -- Installing: E:/WORK/PERSONNAL STUFF/HOUDINI/hdCycles/install/source/kernel/integrator/init_from_bake.h
  -- Installing: E:/WORK/PERSONNAL STUFF/HOUDINI/hdCycles/install/source/kernel/integrator/init_from_camera.h
  -- Installing: E:/WORK/PERSONNAL STUFF/HOUDINI/hdCycles/install/source/kernel/integrator/intersect_dedicated_light.h
  -- Installing: E:/WORK/PERSONNAL STUFF/HOUDINI/hdCycles/install/source/kernel/integrator/intersect_closest.h
  -- Installing: E:/WORK/PERSONNAL STUFF/HOUDINI/hdCycles/install/source/kernel/integrator/intersect_mnee.h
  -- Installing: E:/WORK/PERSONNAL STUFF/HOUDINI/hdCycles/install/source/kernel/integrator/intersect_shadow.h
  -- Installing: E:/WORK/PERSONNAL STUFF/HOUDINI/hdCycles/install/source/kernel/integrator/intersect_subsurface.h
  -- Installing: E:/WORK/PERSONNAL STUFF/HOUDINI/hdCycles/install/source/kernel/integrator/intersect_volume_stack.h
  -- Installing: E:/WORK/PERSONNAL STUFF/HOUDINI/hdCycles/install/source/kernel/integrator/guiding.h
  -- Installing: E:/WORK/PERSONNAL STUFF/HOUDINI/hdCycles/install/source/kernel/integrator/megakernel.h
  -- Installing: E:/WORK/PERSONNAL STUFF/HOUDINI/hdCycles/install/source/kernel/integrator/mnee.h
  -- Installing: E:/WORK/PERSONNAL STUFF/HOUDINI/hdCycles/install/source/kernel/integrator/path_state.h
  -- Installing: E:/WORK/PERSONNAL STUFF/HOUDINI/hdCycles/install/source/kernel/integrator/shade_background.h
  -- Installing: E:/WORK/PERSONNAL STUFF/HOUDINI/hdCycles/install/source/kernel/integrator/shade_light.h
  -- Installing: E:/WORK/PERSONNAL STUFF/HOUDINI/hdCycles/install/source/kernel/integrator/shade_shadow.h
  -- Installing: E:/WORK/PERSONNAL STUFF/HOUDINI/hdCycles/install/source/kernel/integrator/shade_surface.h
  -- Installing: E:/WORK/PERSONNAL STUFF/HOUDINI/hdCycles/install/source/kernel/integrator/shade_volume.h
  -- Installing: E:/WORK/PERSONNAL STUFF/HOUDINI/hdCycles/install/source/kernel/integrator/shade_dedicated_light.h
  -- Installing: E:/WORK/PERSONNAL STUFF/HOUDINI/hdCycles/install/source/kernel/integrator/shadow_catcher.h
  -- Installing: E:/WORK/PERSONNAL STUFF/HOUDINI/hdCycles/install/source/kernel/integrator/shadow_linking.h
  -- Installing: E:/WORK/PERSONNAL STUFF/HOUDINI/hdCycles/install/source/kernel/integrator/shadow_state_template.h
  -- Installing: E:/WORK/PERSONNAL STUFF/HOUDINI/hdCycles/install/source/kernel/integrator/state_flow.h
  -- Installing: E:/WORK/PERSONNAL STUFF/HOUDINI/hdCycles/install/source/kernel/integrator/state.h
  -- Installing: E:/WORK/PERSONNAL STUFF/HOUDINI/hdCycles/install/source/kernel/integrator/state_template.h
  -- Installing: E:/WORK/PERSONNAL STUFF/HOUDINI/hdCycles/install/source/kernel/integrator/state_util.h
  -- Installing: E:/WORK/PERSONNAL STUFF/HOUDINI/hdCycles/install/source/kernel/integrator/subsurface_disk.h
  -- Installing: E:/WORK/PERSONNAL STUFF/HOUDINI/hdCycles/install/source/kernel/integrator/subsurface.h
  -- Installing: E:/WORK/PERSONNAL STUFF/HOUDINI/hdCycles/install/source/kernel/integrator/subsurface_random_walk.h
  -- Installing: E:/WORK/PERSONNAL STUFF/HOUDINI/hdCycles/install/source/kernel/integrator/surface_shader.h
  -- Installing: E:/WORK/PERSONNAL STUFF/HOUDINI/hdCycles/install/source/kernel/integrator/volume_shader.h
  -- Installing: E:/WORK/PERSONNAL STUFF/HOUDINI/hdCycles/install/source/kernel/integrator/volume_stack.h
  -- Installing: E:/WORK/PERSONNAL STUFF/HOUDINI/hdCycles/install/source/kernel/light/area.h
  -- Installing: E:/WORK/PERSONNAL STUFF/HOUDINI/hdCycles/install/source/kernel/light/background.h
  -- Installing: E:/WORK/PERSONNAL STUFF/HOUDINI/hdCycles/install/source/kernel/light/common.h
  -- Installing: E:/WORK/PERSONNAL STUFF/HOUDINI/hdCycles/install/source/kernel/light/distribution.h
  -- Installing: E:/WORK/PERSONNAL STUFF/HOUDINI/hdCycles/install/source/kernel/light/light.h
  -- Installing: E:/WORK/PERSONNAL STUFF/HOUDINI/hdCycles/install/source/kernel/light/point.h
  -- Installing: E:/WORK/PERSONNAL STUFF/HOUDINI/hdCycles/install/source/kernel/light/sample.h
  -- Installing: E:/WORK/PERSONNAL STUFF/HOUDINI/hdCycles/install/source/kernel/light/spot.h
  -- Installing: E:/WORK/PERSONNAL STUFF/HOUDINI/hdCycles/install/source/kernel/light/sun.h
  -- Installing: E:/WORK/PERSONNAL STUFF/HOUDINI/hdCycles/install/source/kernel/light/tree.h
  -- Installing: E:/WORK/PERSONNAL STUFF/HOUDINI/hdCycles/install/source/kernel/light/triangle.h
  -- Installing: E:/WORK/PERSONNAL STUFF/HOUDINI/hdCycles/install/source/kernel/sample/lcg.h
  -- Installing: E:/WORK/PERSONNAL STUFF/HOUDINI/hdCycles/install/source/kernel/sample/mapping.h
  -- Installing: E:/WORK/PERSONNAL STUFF/HOUDINI/hdCycles/install/source/kernel/sample/mis.h
  -- Installing: E:/WORK/PERSONNAL STUFF/HOUDINI/hdCycles/install/source/kernel/sample/pattern.h
  -- Installing: E:/WORK/PERSONNAL STUFF/HOUDINI/hdCycles/install/source/kernel/sample/sobol_burley.h
  -- Installing: E:/WORK/PERSONNAL STUFF/HOUDINI/hdCycles/install/source/kernel/sample/tabulated_sobol.h
  -- Installing: E:/WORK/PERSONNAL STUFF/HOUDINI/hdCycles/install/source/kernel/sample/util.h
  -- Installing: E:/WORK/PERSONNAL STUFF/HOUDINI/hdCycles/install/source/kernel/svm/svm.h
  -- Installing: E:/WORK/PERSONNAL STUFF/HOUDINI/hdCycles/install/source/kernel/svm/ao.h
  -- Installing: E:/WORK/PERSONNAL STUFF/HOUDINI/hdCycles/install/source/kernel/svm/aov.h
  -- Installing: E:/WORK/PERSONNAL STUFF/HOUDINI/hdCycles/install/source/kernel/svm/attribute.h
  -- Installing: E:/WORK/PERSONNAL STUFF/HOUDINI/hdCycles/install/source/kernel/svm/bevel.h
  -- Installing: E:/WORK/PERSONNAL STUFF/HOUDINI/hdCycles/install/source/kernel/svm/blackbody.h
  -- Installing: E:/WORK/PERSONNAL STUFF/HOUDINI/hdCycles/install/source/kernel/svm/bump.h
  -- Installing: E:/WORK/PERSONNAL STUFF/HOUDINI/hdCycles/install/source/kernel/svm/camera.h
  -- Installing: E:/WORK/PERSONNAL STUFF/HOUDINI/hdCycles/install/source/kernel/svm/clamp.h
  -- Installing: E:/WORK/PERSONNAL STUFF/HOUDINI/hdCycles/install/source/kernel/svm/closure.h
  -- Installing: E:/WORK/PERSONNAL STUFF/HOUDINI/hdCycles/install/source/kernel/svm/convert.h
  -- Installing: E:/WORK/PERSONNAL STUFF/HOUDINI/hdCycles/install/source/kernel/svm/checker.h
  -- Installing: E:/WORK/PERSONNAL STUFF/HOUDINI/hdCycles/install/source/kernel/svm/color_util.h
  -- Installing: E:/WORK/PERSONNAL STUFF/HOUDINI/hdCycles/install/source/kernel/svm/brick.h
  -- Installing: E:/WORK/PERSONNAL STUFF/HOUDINI/hdCycles/install/source/kernel/svm/displace.h
  -- Installing: E:/WORK/PERSONNAL STUFF/HOUDINI/hdCycles/install/source/kernel/svm/fresnel.h
  -- Installing: E:/WORK/PERSONNAL STUFF/HOUDINI/hdCycles/install/source/kernel/svm/wireframe.h
  -- Installing: E:/WORK/PERSONNAL STUFF/HOUDINI/hdCycles/install/source/kernel/svm/wavelength.h
  -- Installing: E:/WORK/PERSONNAL STUFF/HOUDINI/hdCycles/install/source/kernel/svm/gabor.h
  -- Installing: E:/WORK/PERSONNAL STUFF/HOUDINI/hdCycles/install/source/kernel/svm/gamma.h
  -- Installing: E:/WORK/PERSONNAL STUFF/HOUDINI/hdCycles/install/source/kernel/svm/brightness.h
  -- Installing: E:/WORK/PERSONNAL STUFF/HOUDINI/hdCycles/install/source/kernel/svm/geometry.h
  -- Installing: E:/WORK/PERSONNAL STUFF/HOUDINI/hdCycles/install/source/kernel/svm/gradient.h
  -- Installing: E:/WORK/PERSONNAL STUFF/HOUDINI/hdCycles/install/source/kernel/svm/hsv.h
  -- Installing: E:/WORK/PERSONNAL STUFF/HOUDINI/hdCycles/install/source/kernel/svm/ies.h
  -- Installing: E:/WORK/PERSONNAL STUFF/HOUDINI/hdCycles/install/source/kernel/svm/image.h
  -- Installing: E:/WORK/PERSONNAL STUFF/HOUDINI/hdCycles/install/source/kernel/svm/invert.h
  -- Installing: E:/WORK/PERSONNAL STUFF/HOUDINI/hdCycles/install/source/kernel/svm/light_path.h
  -- Installing: E:/WORK/PERSONNAL STUFF/HOUDINI/hdCycles/install/source/kernel/svm/magic.h
  -- Installing: E:/WORK/PERSONNAL STUFF/HOUDINI/hdCycles/install/source/kernel/svm/map_range.h
  -- Installing: E:/WORK/PERSONNAL STUFF/HOUDINI/hdCycles/install/source/kernel/svm/mapping.h
  -- Installing: E:/WORK/PERSONNAL STUFF/HOUDINI/hdCycles/install/source/kernel/svm/mapping_util.h
  -- Installing: E:/WORK/PERSONNAL STUFF/HOUDINI/hdCycles/install/source/kernel/svm/math.h
  -- Installing: E:/WORK/PERSONNAL STUFF/HOUDINI/hdCycles/install/source/kernel/svm/math_util.h
  -- Installing: E:/WORK/PERSONNAL STUFF/HOUDINI/hdCycles/install/source/kernel/svm/mix.h
  -- Installing: E:/WORK/PERSONNAL STUFF/HOUDINI/hdCycles/install/source/kernel/svm/node_types.h
  -- Installing: E:/WORK/PERSONNAL STUFF/HOUDINI/hdCycles/install/source/kernel/svm/node_types_template.h
  -- Installing: E:/WORK/PERSONNAL STUFF/HOUDINI/hdCycles/install/source/kernel/svm/noise.h
  -- Installing: E:/WORK/PERSONNAL STUFF/HOUDINI/hdCycles/install/source/kernel/svm/noisetex.h
  -- Installing: E:/WORK/PERSONNAL STUFF/HOUDINI/hdCycles/install/source/kernel/svm/normal.h
  -- Installing: E:/WORK/PERSONNAL STUFF/HOUDINI/hdCycles/install/source/kernel/svm/ramp.h
  -- Installing: E:/WORK/PERSONNAL STUFF/HOUDINI/hdCycles/install/source/kernel/svm/ramp_util.h
  -- Installing: E:/WORK/PERSONNAL STUFF/HOUDINI/hdCycles/install/source/kernel/svm/radial_tiling.h
  -- Installing: E:/WORK/PERSONNAL STUFF/HOUDINI/hdCycles/install/source/kernel/svm/radial_tiling_shared.h
  -- Installing: E:/WORK/PERSONNAL STUFF/HOUDINI/hdCycles/install/source/kernel/svm/raycast.h
  -- Installing: E:/WORK/PERSONNAL STUFF/HOUDINI/hdCycles/install/source/kernel/svm/scene_time.h
  -- Installing: E:/WORK/PERSONNAL STUFF/HOUDINI/hdCycles/install/source/kernel/svm/sepcomb_color.h
  -- Installing: E:/WORK/PERSONNAL STUFF/HOUDINI/hdCycles/install/source/kernel/svm/sepcomb_vector.h
  -- Installing: E:/WORK/PERSONNAL STUFF/HOUDINI/hdCycles/install/source/kernel/svm/sky.h
  -- Installing: E:/WORK/PERSONNAL STUFF/HOUDINI/hdCycles/install/source/kernel/svm/tex_coord.h
  -- Installing: E:/WORK/PERSONNAL STUFF/HOUDINI/hdCycles/install/source/kernel/svm/fractal_noise.h
  -- Installing: E:/WORK/PERSONNAL STUFF/HOUDINI/hdCycles/install/source/kernel/svm/types.h
  -- Installing: E:/WORK/PERSONNAL STUFF/HOUDINI/hdCycles/install/source/kernel/svm/util.h
  -- Installing: E:/WORK/PERSONNAL STUFF/HOUDINI/hdCycles/install/source/kernel/svm/value.h
  -- Installing: E:/WORK/PERSONNAL STUFF/HOUDINI/hdCycles/install/source/kernel/svm/vector_rotate.h
  -- Installing: E:/WORK/PERSONNAL STUFF/HOUDINI/hdCycles/install/source/kernel/svm/vector_transform.h
  -- Installing: E:/WORK/PERSONNAL STUFF/HOUDINI/hdCycles/install/source/kernel/svm/voronoi.h
  -- Installing: E:/WORK/PERSONNAL STUFF/HOUDINI/hdCycles/install/source/kernel/svm/wave.h
  -- Installing: E:/WORK/PERSONNAL STUFF/HOUDINI/hdCycles/install/source/kernel/svm/white_noise.h
  -- Installing: E:/WORK/PERSONNAL STUFF/HOUDINI/hdCycles/install/source/kernel/svm/vertex_color.h
  -- Installing: E:/WORK/PERSONNAL STUFF/HOUDINI/hdCycles/install/source/kernel/data_arrays.h
  -- Installing: E:/WORK/PERSONNAL STUFF/HOUDINI/hdCycles/install/source/kernel/data_template.h
  -- Installing: E:/WORK/PERSONNAL STUFF/HOUDINI/hdCycles/install/source/kernel/features.h
  -- Installing: E:/WORK/PERSONNAL STUFF/HOUDINI/hdCycles/install/source/kernel/globals.h
  -- Installing: E:/WORK/PERSONNAL STUFF/HOUDINI/hdCycles/install/source/kernel/image.h
  -- Installing: E:/WORK/PERSONNAL STUFF/HOUDINI/hdCycles/install/source/kernel/tables.h
  -- Installing: E:/WORK/PERSONNAL STUFF/HOUDINI/hdCycles/install/source/kernel/types.h
  -- Installing: E:/WORK/PERSONNAL STUFF/HOUDINI/hdCycles/install/source/kernel/util/colorspace.h
  -- Installing: E:/WORK/PERSONNAL STUFF/HOUDINI/hdCycles/install/source/kernel/util/differential.h
  -- Installing: E:/WORK/PERSONNAL STUFF/HOUDINI/hdCycles/install/source/kernel/util/ies.h
  -- Installing: E:/WORK/PERSONNAL STUFF/HOUDINI/hdCycles/install/source/kernel/util/image_2d.h
  -- Installing: E:/WORK/PERSONNAL STUFF/HOUDINI/hdCycles/install/source/kernel/util/image_3d.h
  -- Installing: E:/WORK/PERSONNAL STUFF/HOUDINI/hdCycles/install/source/kernel/util/lookup_table.h
  -- Installing: E:/WORK/PERSONNAL STUFF/HOUDINI/hdCycles/install/source/kernel/util/nanovdb.h
  -- Installing: E:/WORK/PERSONNAL STUFF/HOUDINI/hdCycles/install/source/kernel/util/profiler.h
  -- Installing: E:/WORK/PERSONNAL STUFF/HOUDINI/hdCycles/install/source/util/atomic.h
  -- Installing: E:/WORK/PERSONNAL STUFF/HOUDINI/hdCycles/install/source/util/color.h
  -- Installing: E:/WORK/PERSONNAL STUFF/HOUDINI/hdCycles/install/source/util/defines.h
  -- Installing: E:/WORK/PERSONNAL STUFF/HOUDINI/hdCycles/install/source/util/guiding.h
  -- Installing: E:/WORK/PERSONNAL STUFF/HOUDINI/hdCycles/install/source/util/half.h
  -- Installing: E:/WORK/PERSONNAL STUFF/HOUDINI/hdCycles/install/source/util/hash.h
  -- Installing: E:/WORK/PERSONNAL STUFF/HOUDINI/hdCycles/install/source/util/math.h
  -- Installing: E:/WORK/PERSONNAL STUFF/HOUDINI/hdCycles/install/source/util/math_base.h
  -- Installing: E:/WORK/PERSONNAL STUFF/HOUDINI/hdCycles/install/source/util/math_fast.h
  -- Installing: E:/WORK/PERSONNAL STUFF/HOUDINI/hdCycles/install/source/util/math_intersect.h
  -- Installing: E:/WORK/PERSONNAL STUFF/HOUDINI/hdCycles/install/source/util/math_float2.h
  -- Installing: E:/WORK/PERSONNAL STUFF/HOUDINI/hdCycles/install/source/util/math_float3.h
  -- Installing: E:/WORK/PERSONNAL STUFF/HOUDINI/hdCycles/install/source/util/math_float4.h
  -- Installing: E:/WORK/PERSONNAL STUFF/HOUDINI/hdCycles/install/source/util/math_float8.h
  -- Installing: E:/WORK/PERSONNAL STUFF/HOUDINI/hdCycles/install/source/util/math_int2.h
  -- Installing: E:/WORK/PERSONNAL STUFF/HOUDINI/hdCycles/install/source/util/math_int3.h
  -- Installing: E:/WORK/PERSONNAL STUFF/HOUDINI/hdCycles/install/source/util/math_int4.h
  -- Installing: E:/WORK/PERSONNAL STUFF/HOUDINI/hdCycles/install/source/util/math_int8.h
  -- Installing: E:/WORK/PERSONNAL STUFF/HOUDINI/hdCycles/install/source/util/math_dual.h
  -- Installing: E:/WORK/PERSONNAL STUFF/HOUDINI/hdCycles/install/source/util/projection.h
  -- Installing: E:/WORK/PERSONNAL STUFF/HOUDINI/hdCycles/install/source/util/projection_inverse.h
  -- Installing: E:/WORK/PERSONNAL STUFF/HOUDINI/hdCycles/install/source/util/rect.h
  -- Installing: E:/WORK/PERSONNAL STUFF/HOUDINI/hdCycles/install/source/util/static_assert.h
  -- Installing: E:/WORK/PERSONNAL STUFF/HOUDINI/hdCycles/install/source/util/transform.h
  -- Installing: E:/WORK/PERSONNAL STUFF/HOUDINI/hdCycles/install/source/util/types.h
  -- Installing: E:/WORK/PERSONNAL STUFF/HOUDINI/hdCycles/install/source/util/types_base.h
  -- Installing: E:/WORK/PERSONNAL STUFF/HOUDINI/hdCycles/install/source/util/types_float2.h
  -- Installing: E:/WORK/PERSONNAL STUFF/HOUDINI/hdCycles/install/source/util/types_float3.h
  -- Installing: E:/WORK/PERSONNAL STUFF/HOUDINI/hdCycles/install/source/util/types_float4.h
  -- Installing: E:/WORK/PERSONNAL STUFF/HOUDINI/hdCycles/install/source/util/types_float8.h
  -- Installing: E:/WORK/PERSONNAL STUFF/HOUDINI/hdCycles/install/source/util/types_image.h
  -- Installing: E:/WORK/PERSONNAL STUFF/HOUDINI/hdCycles/install/source/util/types_int2.h
  -- Installing: E:/WORK/PERSONNAL STUFF/HOUDINI/hdCycles/install/source/util/types_int3.h
  -- Installing: E:/WORK/PERSONNAL STUFF/HOUDINI/hdCycles/install/source/util/types_int4.h
  -- Installing: E:/WORK/PERSONNAL STUFF/HOUDINI/hdCycles/install/source/util/types_int8.h
  -- Installing: E:/WORK/PERSONNAL STUFF/HOUDINI/hdCycles/install/source/util/types_normal.h
  -- Installing: E:/WORK/PERSONNAL STUFF/HOUDINI/hdCycles/install/source/util/types_spectrum.h
  -- Installing: E:/WORK/PERSONNAL STUFF/HOUDINI/hdCycles/install/source/util/types_rgbe.h
  -- Installing: E:/WORK/PERSONNAL STUFF/HOUDINI/hdCycles/install/source/util/types_uchar2.h
  -- Installing: E:/WORK/PERSONNAL STUFF/HOUDINI/hdCycles/install/source/util/types_uchar3.h
  -- Installing: E:/WORK/PERSONNAL STUFF/HOUDINI/hdCycles/install/source/util/types_uchar4.h
  -- Installing: E:/WORK/PERSONNAL STUFF/HOUDINI/hdCycles/install/source/util/types_uint2.h
  -- Installing: E:/WORK/PERSONNAL STUFF/HOUDINI/hdCycles/install/source/util/types_uint3.h
  -- Installing: E:/WORK/PERSONNAL STUFF/HOUDINI/hdCycles/install/source/util/types_uint4.h
  -- Installing: E:/WORK/PERSONNAL STUFF/HOUDINI/hdCycles/install/source/util/types_ushort4.h
  -- Installing: E:/WORK/PERSONNAL STUFF/HOUDINI/hdCycles/install/source/util/types_dual.h
  -- Installing: E:/WORK/PERSONNAL STUFF/HOUDINI/hdCycles/install/source/kernel/device/cuda/kernel.cu
  -- Installing: E:/WORK/PERSONNAL STUFF/HOUDINI/hdCycles/install/source/kernel/device/cuda/compat.h
  -- Installing: E:/WORK/PERSONNAL STUFF/HOUDINI/hdCycles/install/source/kernel/device/cuda/config.h
  -- Installing: E:/WORK/PERSONNAL STUFF/HOUDINI/hdCycles/install/source/kernel/device/cuda/globals.h
  -- Installing: E:/WORK/PERSONNAL STUFF/HOUDINI/hdCycles/install/source/kernel/device/hip/kernel.cpp
  -- Installing: E:/WORK/PERSONNAL STUFF/HOUDINI/hdCycles/install/source/kernel/device/hip/compat.h
  -- Installing: E:/WORK/PERSONNAL STUFF/HOUDINI/hdCycles/install/source/kernel/device/hip/config.h
  -- Installing: E:/WORK/PERSONNAL STUFF/HOUDINI/hdCycles/install/source/kernel/device/hip/globals.h
  -- Installing: E:/WORK/PERSONNAL STUFF/HOUDINI/hdCycles/install/source/kernel/device/hiprt/kernel.cpp
  -- Installing: E:/WORK/PERSONNAL STUFF/HOUDINI/hdCycles/install/source/kernel/device/hiprt/bvh.h
  -- Installing: E:/WORK/PERSONNAL STUFF/HOUDINI/hdCycles/install/source/kernel/device/hiprt/globals.h
  -- Installing: E:/WORK/PERSONNAL STUFF/HOUDINI/hdCycles/install/source/kernel/device/metal/kernel.metal
  -- Installing: E:/WORK/PERSONNAL STUFF/HOUDINI/hdCycles/install/source/kernel/device/metal/bvh.h
  -- Installing: E:/WORK/PERSONNAL STUFF/HOUDINI/hdCycles/install/source/kernel/device/metal/compat.h
  -- Installing: E:/WORK/PERSONNAL STUFF/HOUDINI/hdCycles/install/source/kernel/device/metal/context_begin.h
  -- Installing: E:/WORK/PERSONNAL STUFF/HOUDINI/hdCycles/install/source/kernel/device/metal/context_end.h
  -- Installing: E:/WORK/PERSONNAL STUFF/HOUDINI/hdCycles/install/source/kernel/device/metal/function_constants.h
  -- Installing: E:/WORK/PERSONNAL STUFF/HOUDINI/hdCycles/install/source/kernel/device/metal/globals.h
  -- Installing: E:/WORK/PERSONNAL STUFF/HOUDINI/hdCycles/install/source/kernel/device/optix/kernel.cu
  -- Installing: E:/WORK/PERSONNAL STUFF/HOUDINI/hdCycles/install/source/kernel/device/optix/kernel_mnee.cu
  -- Installing: E:/WORK/PERSONNAL STUFF/HOUDINI/hdCycles/install/source/kernel/device/optix/kernel_shader_raytrace.cu
  -- Installing: E:/WORK/PERSONNAL STUFF/HOUDINI/hdCycles/install/source/kernel/device/optix/bvh.h
  -- Installing: E:/WORK/PERSONNAL STUFF/HOUDINI/hdCycles/install/source/kernel/device/optix/compat.h
  -- Installing: E:/WORK/PERSONNAL STUFF/HOUDINI/hdCycles/install/source/kernel/device/optix/globals.h
  -- Installing: E:/WORK/PERSONNAL STUFF/HOUDINI/hdCycles/install/houdini/dso/usd_plugins/plugInfo.json
  -- Installing: E:/WORK/PERSONNAL STUFF/HOUDINI/hdCycles/install/houdini/dso/usd/hdCycles.dll
  -- Installing: E:/WORK/PERSONNAL STUFF/HOUDINI/hdCycles/install/houdini/dso/usd_plugins/hdCycles/resources/plugInfo.json
  -- Installing: E:/WORK/PERSONNAL STUFF/HOUDINI/hdCycles/install/houdini/packages/cycles.json
  -- Installing: E:/WORK/PERSONNAL STUFF/HOUDINI/hdCycles/install/houdini/bin/embree4.dll
  -- Installing: E:/WORK/PERSONNAL STUFF/HOUDINI/hdCycles/install/houdini/bin/OpenImageDenoise.dll
  -- Installing: E:/WORK/PERSONNAL STUFF/HOUDINI/hdCycles/install/houdini/bin/OpenImageDenoise_core.dll
  -- Installing: E:/WORK/PERSONNAL STUFF/HOUDINI/hdCycles/install/houdini/bin/OpenImageDenoise_device_cpu.dll
  -- Installing: E:/WORK/PERSONNAL STUFF/HOUDINI/hdCycles/install/houdini/bin/OpenImageDenoise_device_cuda.dll
  -- Installing: E:/WORK/PERSONNAL STUFF/HOUDINI/hdCycles/install/houdini/bin/OpenImageDenoise_device_hip.dll
  -- Installing: E:/WORK/PERSONNAL STUFF/HOUDINI/hdCycles/install/houdini/bin/OpenImageDenoise_device_sycl.dll
  -- Installing: E:/WORK/PERSONNAL STUFF/HOUDINI/hdCycles/install/houdini/bin/epoxy-0.dll
  -- Installing: E:/WORK/PERSONNAL STUFF/HOUDINI/hdCycles/install/houdini/bin/sycl8.dll
  -- Installing: E:/WORK/PERSONNAL STUFF/HOUDINI/hdCycles/install/houdini/bin/ur_adapter_level_zero.dll
  -- Installing: E:/WORK/PERSONNAL STUFF/HOUDINI/hdCycles/install/houdini/bin/ur_adapter_level_zero_v2.dll
  -- Installing: E:/WORK/PERSONNAL STUFF/HOUDINI/hdCycles/install/houdini/bin/ur_loader.dll
  -- Installing: E:/WORK/PERSONNAL STUFF/HOUDINI/hdCycles/install/houdini/bin/ur_win_proxy_loader.dll
  -- Installing: E:/WORK/PERSONNAL STUFF/HOUDINI/hdCycles/install/cycles.exe
