CMake is re-running because E:/WORK/PERSONNAL STUFF/HOUDINI/hdCycles/external/cycles/build/CMakeFiles/generate.stamp is out-of-date.
  the file 'E:/WORK/PERSONNAL STUFF/HOUDINI/hdCycles/external/cycles/src/cmake/Modules/FindUSDHoudini.cmake'
  is newer than 'E:/WORK/PERSONNAL STUFF/HOUDINI/hdCycles/external/cycles/build/CMakeFiles/generate.stamp.depend'
  result='-1'
-- Selecting Windows SDK version 10.0.22621.0 to target Windows 10.0.26200.
-- Found Houdini: E:/Side Effects Software/Houdini22.0.368
-- Houdini Python version: 3.13
-- Using precompiled libraries at E:/WORK/PERSONNAL STUFF/HOUDINI/hdCycles/external/cycles/lib/windows_x64
-- Could NOT find LevelZero (missing: LEVEL_ZERO_LIBRARY LEVEL_ZERO_INCLUDE_DIR) 
-- Could NOT find OptiX (missing: OPTIX_INCLUDE_DIR) (Required is at least version "8.0.0")
-- OptiX not found, disabling WITH_CYCLES_DEVICE_OPTIX
-- Configuring done (0.6s)
-- Generating done (2.5s)
-- Build files have been written to: E:/WORK/PERSONNAL STUFF/HOUDINI/hdCycles/external/cycles/build
MSBuild version 17.14.51+25f168cee for .NET Framework

  1>Checking Build System
  extern_cuew.vcxproj -> E:\WORK\PERSONNAL STUFF\HOUDINI\hdCycles\external\cycles\build\lib\Release\extern_cuew.lib
  extern_sky.vcxproj -> E:\WORK\PERSONNAL STUFF\HOUDINI\hdCycles\external\cycles\build\lib\Release\extern_sky.lib
  extern_hipew.vcxproj -> E:\WORK\PERSONNAL STUFF\HOUDINI\hdCycles\external\cycles\build\lib\Release\extern_hipew.lib
  zstd_compress.vcxproj -> E:\WORK\PERSONNAL STUFF\HOUDINI\hdCycles\external\cycles\build\bin\Release\zstd_compress.exe
  cycles_util.vcxproj -> E:\WORK\PERSONNAL STUFF\HOUDINI\hdCycles\external\cycles\build\lib\Release\cycles_util.lib
  cycles_graph.vcxproj -> E:\WORK\PERSONNAL STUFF\HOUDINI\hdCycles\external\cycles\build\lib\Release\cycles_graph.lib
  cycles_kernel_cpu.vcxproj -> E:\WORK\PERSONNAL STUFF\HOUDINI\hdCycles\external\cycles\build\lib\Release\cycles_kernel_cpu.lib
  cycles_device.vcxproj -> E:\WORK\PERSONNAL STUFF\HOUDINI\hdCycles\external\cycles\build\lib\Release\cycles_device.lib
  cycles_session.vcxproj -> E:\WORK\PERSONNAL STUFF\HOUDINI\hdCycles\external\cycles\build\lib\Release\cycles_session.lib
  cycles_integrator.vcxproj -> E:\WORK\PERSONNAL STUFF\HOUDINI\hdCycles\external\cycles\build\lib\Release\cycles_integrator.lib
  cycles_subd.vcxproj -> E:\WORK\PERSONNAL STUFF\HOUDINI\hdCycles\external\cycles\build\lib\Release\cycles_subd.lib
  cycles_scene.vcxproj -> E:\WORK\PERSONNAL STUFF\HOUDINI\hdCycles\external\cycles\build\lib\Release\cycles_scene.lib
  cycles_bvh.vcxproj -> E:\WORK\PERSONNAL STUFF\HOUDINI\hdCycles\external\cycles\build\lib\Release\cycles_bvh.lib
  curves.cpp
  material.cpp
  mesh.cpp
  pointcloud.cpp
  render_delegate.cpp
  session.cpp
  cycles_hydra.vcxproj -> E:\WORK\PERSONNAL STUFF\HOUDINI\hdCycles\external\cycles\build\lib\Release\cycles_hydra.lib
  sdr_cycles.cpp
  cycles.vcxproj -> E:\WORK\PERSONNAL STUFF\HOUDINI\hdCycles\external\cycles\build\bin\Release\cycles.exe
  hdCycles.vcxproj -> E:\WORK\PERSONNAL STUFF\HOUDINI\hdCycles\external\cycles\build\src\hydra\Release\hdCycles.dll
  Building Custom Rule E:/WORK/PERSONNAL STUFF/HOUDINI/hdCycles/external/cycles/CMakeLists.txt
  1>
  -- Install configuration: "Release"
  -- Installing: E:/WORK/PERSONNAL STUFF/HOUDINI/hdCycles/install/houdini/dso/usd/hdCycles.dll
  -- Installing: E:/WORK/PERSONNAL STUFF/HOUDINI/hdCycles/install/cycles.exe
