MSBuild version 17.14.51+25f168cee for .NET Framework

  1>Checking Build System
  extern_hipew.vcxproj -> E:\WORK\PERSONNAL STUFF\HOUDINI\hdCycles\external\cycles\build\lib\Release\extern_hipew.lib
  extern_sky.vcxproj -> E:\WORK\PERSONNAL STUFF\HOUDINI\hdCycles\external\cycles\build\lib\Release\extern_sky.lib
  extern_cuew.vcxproj -> E:\WORK\PERSONNAL STUFF\HOUDINI\hdCycles\external\cycles\build\lib\Release\extern_cuew.lib
  cycles_util.vcxproj -> E:\WORK\PERSONNAL STUFF\HOUDINI\hdCycles\external\cycles\build\lib\Release\cycles_util.lib
  zstd_compress.vcxproj -> E:\WORK\PERSONNAL STUFF\HOUDINI\hdCycles\external\cycles\build\bin\Release\zstd_compress.exe
  cycles_graph.vcxproj -> E:\WORK\PERSONNAL STUFF\HOUDINI\hdCycles\external\cycles\build\lib\Release\cycles_graph.lib
  cycles_kernel_cpu.vcxproj -> E:\WORK\PERSONNAL STUFF\HOUDINI\hdCycles\external\cycles\build\lib\Release\cycles_kernel_cpu.lib
  cycles_device.vcxproj -> E:\WORK\PERSONNAL STUFF\HOUDINI\hdCycles\external\cycles\build\lib\Release\cycles_device.lib
  cycles_session.vcxproj -> E:\WORK\PERSONNAL STUFF\HOUDINI\hdCycles\external\cycles\build\lib\Release\cycles_session.lib
  cycles_integrator.vcxproj -> E:\WORK\PERSONNAL STUFF\HOUDINI\hdCycles\external\cycles\build\lib\Release\cycles_integrator.lib
  cycles_subd.vcxproj -> E:\WORK\PERSONNAL STUFF\HOUDINI\hdCycles\external\cycles\build\lib\Release\cycles_subd.lib
  cycles_scene.vcxproj -> E:\WORK\PERSONNAL STUFF\HOUDINI\hdCycles\external\cycles\build\lib\Release\cycles_scene.lib
  cycles_bvh.vcxproj -> E:\WORK\PERSONNAL STUFF\HOUDINI\hdCycles\external\cycles\build\lib\Release\cycles_bvh.lib
  material.cpp
E:\WORK\PERSONNAL STUFF\HOUDINI\hdCycles\external\cycles\src\hydra\material.cpp(243,26): error C2001: newline in constant [E:\WORK\PERSONNAL STUFF\HOUDINI\hdCycles\external\cycles\build\src\hydra\cycles_hydra.vcxproj]
E:\WORK\PERSONNAL STUFF\HOUDINI\hdCycles\external\cycles\src\hydra\material.cpp(244,1): error C2001: newline in constant [E:\WORK\PERSONNAL STUFF\HOUDINI\hdCycles\external\cycles\build\src\hydra\cycles_hydra.vcxproj]
E:\WORK\PERSONNAL STUFF\HOUDINI\hdCycles\external\cycles\src\hydra\material.cpp(245,5): error C2146: syntax error: missing ')' before identifier 'HdMaterialSchema' [E:\WORK\PERSONNAL STUFF\HOUDINI\hdCycles\external\cycles\build\src\hydra\cycles_hydra.vcxproj]
E:\WORK\PERSONNAL STUFF\HOUDINI\hdCycles\external\cycles\src\hydra\material.cpp(243,26): warning C4473: 'fprintf' : not enough arguments passed for format string [E:\WORK\PERSONNAL STUFF\HOUDINI\hdCycles\external\cycles\build\src\hydra\cycles_hydra.vcxproj]
      E:\WORK\PERSONNAL STUFF\HOUDINI\hdCycles\external\cycles\src\hydra\material.cpp(243,26):
      placeholders and their parameters expect 1 variadic arguments, but 0 were provided
      E:\WORK\PERSONNAL STUFF\HOUDINI\hdCycles\external\cycles\src\hydra\material.cpp(243,26):
      the missing variadic argument 1 is required by format string '%s'
  
E:\WORK\PERSONNAL STUFF\HOUDINI\hdCycles\external\cycles\src\hydra\material.cpp(245,5): error C2146: syntax error: missing ';' before identifier 'HdMaterialSchema' [E:\WORK\PERSONNAL STUFF\HOUDINI\hdCycles\external\cycles\build\src\hydra\cycles_hydra.vcxproj]
E:\WORK\PERSONNAL STUFF\HOUDINI\hdCycles\external\cycles\src\hydra\material.cpp(252,26): error C2001: newline in constant [E:\WORK\PERSONNAL STUFF\HOUDINI\hdCycles\external\cycles\build\src\hydra\cycles_hydra.vcxproj]
E:\WORK\PERSONNAL STUFF\HOUDINI\hdCycles\external\cycles\src\hydra\material.cpp(253,1): error C2001: newline in constant [E:\WORK\PERSONNAL STUFF\HOUDINI\hdCycles\external\cycles\build\src\hydra\cycles_hydra.vcxproj]
E:\WORK\PERSONNAL STUFF\HOUDINI\hdCycles\external\cycles\src\hydra\material.cpp(254,5): error C2143: syntax error: missing ')' before 'if' [E:\WORK\PERSONNAL STUFF\HOUDINI\hdCycles\external\cycles\build\src\hydra\cycles_hydra.vcxproj]
E:\WORK\PERSONNAL STUFF\HOUDINI\hdCycles\external\cycles\src\hydra\material.cpp(252,26): warning C4473: 'fprintf' : not enough arguments passed for format string [E:\WORK\PERSONNAL STUFF\HOUDINI\hdCycles\external\cycles\build\src\hydra\cycles_hydra.vcxproj]
      E:\WORK\PERSONNAL STUFF\HOUDINI\hdCycles\external\cycles\src\hydra\material.cpp(252,26):
      placeholders and their parameters expect 1 variadic arguments, but 0 were provided
      E:\WORK\PERSONNAL STUFF\HOUDINI\hdCycles\external\cycles\src\hydra\material.cpp(252,26):
      the missing variadic argument 1 is required by format string '%d'
  
E:\WORK\PERSONNAL STUFF\HOUDINI\hdCycles\external\cycles\src\hydra\material.cpp(254,5): error C2143: syntax error: missing ';' before 'if' [E:\WORK\PERSONNAL STUFF\HOUDINI\hdCycles\external\cycles\build\src\hydra\cycles_hydra.vcxproj]
E:\WORK\PERSONNAL STUFF\HOUDINI\hdCycles\external\cycles\src\hydra\material.cpp(268,3): error C2059: syntax error: 'if' [E:\WORK\PERSONNAL STUFF\HOUDINI\hdCycles\external\cycles\build\src\hydra\cycles_hydra.vcxproj]
E:\WORK\PERSONNAL STUFF\HOUDINI\hdCycles\external\cycles\src\hydra\material.cpp(268,31): error C2143: syntax error: missing ';' before '{' [E:\WORK\PERSONNAL STUFF\HOUDINI\hdCycles\external\cycles\build\src\hydra\cycles_hydra.vcxproj]
E:\WORK\PERSONNAL STUFF\HOUDINI\hdCycles\external\cycles\src\hydra\material.cpp(275,1): error C2062: type 'void' unexpected [E:\WORK\PERSONNAL STUFF\HOUDINI\hdCycles\external\cycles\build\src\hydra\cycles_hydra.vcxproj]
E:\WORK\PERSONNAL STUFF\HOUDINI\hdCycles\external\cycles\src\hydra\material.cpp(278,1): error C2143: syntax error: missing ';' before '{' [E:\WORK\PERSONNAL STUFF\HOUDINI\hdCycles\external\cycles\build\src\hydra\cycles_hydra.vcxproj]
E:\WORK\PERSONNAL STUFF\HOUDINI\hdCycles\external\cycles\src\hydra\material.cpp(279,35): error C2065: 'params': undeclared identifier [E:\WORK\PERSONNAL STUFF\HOUDINI\hdCycles\external\cycles\build\src\hydra\cycles_hydra.vcxproj]
E:\WORK\PERSONNAL STUFF\HOUDINI\hdCycles\external\cycles\src\hydra\material.cpp(279,23): error C2530: 'paramName': references must be initialized [E:\WORK\PERSONNAL STUFF\HOUDINI\hdCycles\external\cycles\build\src\hydra\cycles_hydra.vcxproj]
E:\WORK\PERSONNAL STUFF\HOUDINI\hdCycles\external\cycles\src\hydra\material.cpp(279,33): error C2143: syntax error: missing ';' before ':' [E:\WORK\PERSONNAL STUFF\HOUDINI\hdCycles\external\cycles\build\src\hydra\cycles_hydra.vcxproj]
E:\WORK\PERSONNAL STUFF\HOUDINI\hdCycles\external\cycles\src\hydra\material.cpp(279,52): error C2143: syntax error: missing ';' before ')' [E:\WORK\PERSONNAL STUFF\HOUDINI\hdCycles\external\cycles\build\src\hydra\cycles_hydra.vcxproj]
E:\WORK\PERSONNAL STUFF\HOUDINI\hdCycles\external\cycles\src\hydra\material.cpp(280,20): error C2065: 'params': undeclared identifier [E:\WORK\PERSONNAL STUFF\HOUDINI\hdCycles\external\cycles\build\src\hydra\cycles_hydra.vcxproj]
E:\WORK\PERSONNAL STUFF\HOUDINI\hdCycles\external\cycles\src\hydra\material.cpp(281,10): error C3536: 'valueDs': cannot be used before it is initialized [E:\WORK\PERSONNAL STUFF\HOUDINI\hdCycles\external\cycles\build\src\hydra\cycles_hydra.vcxproj]
E:\WORK\PERSONNAL STUFF\HOUDINI\hdCycles\external\cycles\src\hydra\material.cpp(287,46): error C2065: 'nodeDesc': undeclared identifier [E:\WORK\PERSONNAL STUFF\HOUDINI\hdCycles\external\cycles\build\src\hydra\cycles_hydra.vcxproj]
E:\WORK\PERSONNAL STUFF\HOUDINI\hdCycles\external\cycles\src\hydra\material.cpp(294,37): error C2065: 'nodeDesc': undeclared identifier [E:\WORK\PERSONNAL STUFF\HOUDINI\hdCycles\external\cycles\build\src\hydra\cycles_hydra.vcxproj]
E:\WORK\PERSONNAL STUFF\HOUDINI\hdCycles\external\cycles\src\hydra\material.cpp(294,28): error C2530: 'socket': references must be initialized [E:\WORK\PERSONNAL STUFF\HOUDINI\hdCycles\external\cycles\build\src\hydra\cycles_hydra.vcxproj]
E:\WORK\PERSONNAL STUFF\HOUDINI\hdCycles\external\cycles\src\hydra\material.cpp(294,35): error C2143: syntax error: missing ';' before ':' [E:\WORK\PERSONNAL STUFF\HOUDINI\hdCycles\external\cycles\build\src\hydra\cycles_hydra.vcxproj]
E:\WORK\PERSONNAL STUFF\HOUDINI\hdCycles\external\cycles\src\hydra\material.cpp(294,64): error C2143: syntax error: missing ';' before ')' [E:\WORK\PERSONNAL STUFF\HOUDINI\hdCycles\external\cycles\build\src\hydra\cycles_hydra.vcxproj]
E:\WORK\PERSONNAL STUFF\HOUDINI\hdCycles\external\cycles\src\hydra\material.cpp(302,7): error C2065: 'nodePath': undeclared identifier [E:\WORK\PERSONNAL STUFF\HOUDINI\hdCycles\external\cycles\build\src\hydra\cycles_hydra.vcxproj]
E:\WORK\PERSONNAL STUFF\HOUDINI\hdCycles\external\cycles\src\hydra\material.cpp(302,7): error C2065: 'nodeDesc': undeclared identifier [E:\WORK\PERSONNAL STUFF\HOUDINI\hdCycles\external\cycles\build\src\hydra\cycles_hydra.vcxproj]
E:\WORK\PERSONNAL STUFF\HOUDINI\hdCycles\external\cycles\src\hydra\material.cpp(309,18): error C2065: 'nodeDesc': undeclared identifier [E:\WORK\PERSONNAL STUFF\HOUDINI\hdCycles\external\cycles\build\src\hydra\cycles_hydra.vcxproj]
E:\WORK\PERSONNAL STUFF\HOUDINI\hdCycles\external\cycles\src\hydra\material.cpp(313,24): error C2601: 'HdCycles::HdCyclesMaterial::UpdateParameters': local function definitions are illegal [E:\WORK\PERSONNAL STUFF\HOUDINI\hdCycles\external\cycles\build\src\hydra\cycles_hydra.vcxproj]
      E:\WORK\PERSONNAL STUFF\HOUDINI\hdCycles\external\cycles\src\hydra\material.cpp(239,37):
      this line contains a '{' which has not yet been matched
  
E:\WORK\PERSONNAL STUFF\HOUDINI\hdCycles\external\cycles\src\hydra\material.cpp(329,24): error C2601: 'HdCycles::HdCyclesMaterial::UpdateConnections': local function definitions are illegal [E:\WORK\PERSONNAL STUFF\HOUDINI\hdCycles\external\cycles\build\src\hydra\cycles_hydra.vcxproj]
      E:\WORK\PERSONNAL STUFF\HOUDINI\hdCycles\external\cycles\src\hydra\material.cpp(239,37):
      this line contains a '{' which has not yet been matched
  
E:\WORK\PERSONNAL STUFF\HOUDINI\hdCycles\external\cycles\src\hydra\material.cpp(420,24): error C2601: 'HdCycles::HdCyclesMaterial::PopulateShaderGraph': local function definitions are illegal [E:\WORK\PERSONNAL STUFF\HOUDINI\hdCycles\external\cycles\build\src\hydra\cycles_hydra.vcxproj]
      E:\WORK\PERSONNAL STUFF\HOUDINI\hdCycles\external\cycles\src\hydra\material.cpp(239,37):
      this line contains a '{' which has not yet been matched
  
E:\WORK\PERSONNAL STUFF\HOUDINI\hdCycles\external\cycles\src\hydra\material.cpp(422,24): error C2001: newline in constant [E:\WORK\PERSONNAL STUFF\HOUDINI\hdCycles\external\cycles\build\src\hydra\cycles_hydra.vcxproj]
E:\WORK\PERSONNAL STUFF\HOUDINI\hdCycles\external\cycles\src\hydra\material.cpp(423,1): error C2001: newline in constant [E:\WORK\PERSONNAL STUFF\HOUDINI\hdCycles\external\cycles\build\src\hydra\cycles_hydra.vcxproj]
E:\WORK\PERSONNAL STUFF\HOUDINI\hdCycles\external\cycles\src\hydra\material.cpp(463,28): error C2001: newline in constant [E:\WORK\PERSONNAL STUFF\HOUDINI\hdCycles\external\cycles\build\src\hydra\cycles_hydra.vcxproj]
E:\WORK\PERSONNAL STUFF\HOUDINI\hdCycles\external\cycles\src\hydra\material.cpp(464,1): error C2001: newline in constant [E:\WORK\PERSONNAL STUFF\HOUDINI\hdCycles\external\cycles\build\src\hydra\cycles_hydra.vcxproj]
E:\WORK\PERSONNAL STUFF\HOUDINI\hdCycles\external\cycles\src\hydra\material.cpp(476,26): error C2001: newline in constant [E:\WORK\PERSONNAL STUFF\HOUDINI\hdCycles\external\cycles\build\src\hydra\cycles_hydra.vcxproj]
E:\WORK\PERSONNAL STUFF\HOUDINI\hdCycles\external\cycles\src\hydra\material.cpp(477,1): error C2001: newline in constant [E:\WORK\PERSONNAL STUFF\HOUDINI\hdCycles\external\cycles\build\src\hydra\cycles_hydra.vcxproj]
E:\WORK\PERSONNAL STUFF\HOUDINI\hdCycles\external\cycles\src\hydra\material.cpp(496,24): error C2001: newline in constant [E:\WORK\PERSONNAL STUFF\HOUDINI\hdCycles\external\cycles\build\src\hydra\cycles_hydra.vcxproj]
E:\WORK\PERSONNAL STUFF\HOUDINI\hdCycles\external\cycles\src\hydra\material.cpp(497,1): error C2001: newline in constant [E:\WORK\PERSONNAL STUFF\HOUDINI\hdCycles\external\cycles\build\src\hydra\cycles_hydra.vcxproj]
E:\WORK\PERSONNAL STUFF\HOUDINI\hdCycles\external\cycles\src\hydra\material.cpp(576,24): error C2001: newline in constant [E:\WORK\PERSONNAL STUFF\HOUDINI\hdCycles\external\cycles\build\src\hydra\cycles_hydra.vcxproj]
E:\WORK\PERSONNAL STUFF\HOUDINI\hdCycles\external\cycles\src\hydra\material.cpp(577,1): error C2001: newline in constant [E:\WORK\PERSONNAL STUFF\HOUDINI\hdCycles\external\cycles\build\src\hydra\cycles_hydra.vcxproj]
E:\WORK\PERSONNAL STUFF\HOUDINI\hdCycles\external\cycles\src\hydra\material.cpp(591,24): error C2001: newline in constant [E:\WORK\PERSONNAL STUFF\HOUDINI\hdCycles\external\cycles\build\src\hydra\cycles_hydra.vcxproj]
E:\WORK\PERSONNAL STUFF\HOUDINI\hdCycles\external\cycles\src\hydra\material.cpp(592,1): error C2001: newline in constant [E:\WORK\PERSONNAL STUFF\HOUDINI\hdCycles\external\cycles\build\src\hydra\cycles_hydra.vcxproj]
E:\WORK\PERSONNAL STUFF\HOUDINI\hdCycles\external\cycles\src\hydra\material.cpp(591,15): error C1075: '(': no matching token found [E:\WORK\PERSONNAL STUFF\HOUDINI\hdCycles\external\cycles\build\src\hydra\cycles_hydra.vcxproj]
